2025-12-28 19:47:09,393 - Global - INFO - Global logger initialized. Version: 0.030
2025-12-28 19:47:13,181 - urllib3.connectionpool - DEBUG - Starting new HTTPS connection (1): raw.githubusercontent.com:443
2025-12-28 19:47:13,998 - urllib3.connectionpool - DEBUG - https://raw.githubusercontent.com:443 "GET /victorwu657/luscreen/main/version.json HTTP/1.1" 200 161
2025-12-28 19:47:21,463 - CameraWidget - INFO - Initializing CameraWidget with index: 1
2025-12-28 19:47:21,464 - CameraWidget - INFO - Attempting to start camera index: 1
2025-12-28 19:47:22,284 - CameraWidget - INFO - Available QMediaDevices: ['WeCam', 'HIK 2K Camera']
2025-12-28 19:47:22,541 - CameraWidget - INFO - Camera 1 opened successfully.
2025-12-28 19:47:22,541 - CameraWidget - INFO - Camera Properties - Width: 640.0, Height: 480.0, FPS: 0.0
2025-12-28 19:47:23,473 - CameraWidget - DEBUG - Frame 0: read success=True, shape=(480, 640, 3)
2025-12-28 19:47:23,507 - CameraWidget - DEBUG - Frame 1: read success=True, shape=(480, 640, 3)
2025-12-28 19:47:23,552 - CameraWidget - DEBUG - Frame 2: read success=True, shape=(480, 640, 3)
2025-12-28 19:47:23,584 - CameraWidget - DEBUG - Frame 3: read success=True, shape=(480, 640, 3)
2025-12-28 19:47:23,632 - CameraWidget - DEBUG - Frame 4: read success=True, shape=(480, 640, 3)
2025-12-28 19:48:32,195 - CameraWidget - INFO - Initializing CameraWidget with index: 1
2025-12-28 19:48:32,196 - CameraWidget - INFO - Attempting to start camera index: 1
2025-12-28 19:48:32,196 - CameraWidget - INFO - Available QMediaDevices: ['WeCam', 'HIK 2K Camera']
2025-12-28 19:48:32,348 - CameraWidget - INFO - Camera 1 opened successfully.
2025-12-28 19:48:32,349 - CameraWidget - INFO - Camera Properties - Width: 640.0, Height: 480.0, FPS: 0.0
2025-12-28 19:48:33,391 - CameraWidget - DEBUG - Frame 0: read success=True, shape=(480, 640, 3)
2025-12-28 19:48:33,969 - CameraWidget - DEBUG - Frame 1: read success=True, shape=(480, 640, 3)
2025-12-28 19:48:34,016 - CameraWidget - DEBUG - Frame 2: read success=True, shape=(480, 640, 3)
2025-12-28 19:48:34,048 - CameraWidget - DEBUG - Frame 3: read success=True, shape=(480, 640, 3)
2025-12-28 19:48:34,097 - CameraWidget - DEBUG - Frame 4: read success=True, shape=(480, 640, 3)
