2025-12-25 15:41:55,335 - Global - INFO - Global logger initialized.
2025-12-25 15:41:55,699 - Global - CRITICAL - Uncaught exception
Traceback (most recent call last):
  File "G:\AICoding\luscreen\main.py", line 762, in <module>
    app.run()
    ~~~~~~~^^
  File "G:\AICoding\luscreen\main.py", line 755, in run
    sys.exit(self.app.exec())
             ^^^^^^^^
AttributeError: 'LuScreenApp' object has no attribute 'app'
2025-12-25 15:43:11,363 - Global - INFO - Global logger initialized.
2025-12-25 15:44:10,203 - Global - INFO - Global logger initialized.
2025-12-25 15:44:23,903 - CameraWidget - INFO - Initializing CameraWidget with index: 1
2025-12-25 15:44:23,905 - CameraWidget - INFO - Attempting to start camera index: 1
2025-12-25 15:44:24,708 - CameraWidget - INFO - Available QMediaDevices: ['WeCam', 'HIK 2K Camera']
2025-12-25 15:44:25,022 - CameraWidget - INFO - Camera 1 opened successfully.
2025-12-25 15:44:25,022 - CameraWidget - INFO - Camera Properties - Width: 640.0, Height: 480.0, FPS: 0.0
2025-12-25 15:44:26,060 - CameraWidget - DEBUG - Frame 0: read success=True, shape=(480, 640, 3)
2025-12-25 15:44:26,467 - CameraWidget - DEBUG - Frame 1: read success=True, shape=(480, 640, 3)
2025-12-25 15:44:26,497 - CameraWidget - DEBUG - Frame 2: read success=True, shape=(480, 640, 3)
2025-12-25 15:44:26,545 - CameraWidget - DEBUG - Frame 3: read success=True, shape=(480, 640, 3)
2025-12-25 15:44:26,577 - CameraWidget - DEBUG - Frame 4: read success=True, shape=(480, 640, 3)
2025-12-25 15:44:42,423 - ScreenRecorder - INFO - Starting ScreenRecorder thread
2025-12-25 15:44:42,682 - ScreenRecorder - INFO - Initializing SystemAudioRecorder...
2025-12-25 15:44:42,692 - ScreenRecorder - INFO - SystemAudioRecorder started
2025-12-25 15:44:42,692 - SystemAudioRecorder - INFO - Starting SystemAudioRecorder thread
2025-12-25 15:44:42,695 - SystemAudioRecorder - INFO - Target filename: G:\AICoding\luscreen\recordings\temp_audio_sys_20251225_154442.wav
2025-12-25 15:44:42,805 - SystemAudioRecorder - INFO - Successfully imported soundcard
2025-12-25 15:44:42,851 - SystemAudioRecorder - INFO - Default speaker found: 扬声器 (High Definition Audio Device) (ID: {0.0.0.00000000}.{b487c8e3-76e0-4a72-9dbb-c300a0c2f2e0})
2025-12-25 15:44:42,851 - SystemAudioRecorder - INFO - Attempting to get mic by ID: {0.0.0.00000000}.{b487c8e3-76e0-4a72-9dbb-c300a0c2f2e0}
2025-12-25 15:44:42,860 - SystemAudioRecorder - INFO - Successfully got mic by ID
2025-12-25 15:44:42,861 - SystemAudioRecorder - INFO - Recording from: 扬声器 (High Definition Audio Device)
2025-12-25 15:44:54,615 - SystemAudioRecorder - INFO - Paused
2025-12-25 15:44:57,825 - SystemAudioRecorder - INFO - Resumed
2025-12-25 15:45:01,028 - SystemAudioRecorder - INFO - Stop requested
2025-12-25 15:45:01,063 - SystemAudioRecorder - INFO - Recording loop finished, saving file...
2025-12-25 15:45:01,066 - SystemAudioRecorder - INFO - Applying gain: 2.93x
2025-12-25 15:45:01,079 - SystemAudioRecorder - INFO - System audio saved to G:\AICoding\luscreen\recordings\temp_audio_sys_20251225_154442.wav
2025-12-25 15:45:01,080 - ScreenRecorder - INFO - Starting merge_av
2025-12-25 15:45:01,080 - ScreenRecorder - INFO - FFmpeg path: C:\Python313\Lib\site-packages\imageio_ffmpeg\binaries\ffmpeg-win-x86_64-v7.1.exe
2025-12-25 15:45:01,081 - ScreenRecorder - INFO - Has Mic: True (Path: G:\AICoding\luscreen\recordings\temp_audio_mic_20251225_154442.wav)
2025-12-25 15:45:01,081 - ScreenRecorder - INFO - Has Sys: True (Path: G:\AICoding\luscreen\recordings\temp_audio_sys_20251225_154442.wav)
2025-12-25 16:13:52,385 - CameraWidget - INFO - Initializing CameraWidget with index: 1
2025-12-25 16:13:52,385 - CameraWidget - INFO - Attempting to start camera index: 1
2025-12-25 16:13:52,385 - CameraWidget - INFO - Available QMediaDevices: ['WeCam', 'HIK 2K Camera']
2025-12-25 16:13:52,575 - CameraWidget - INFO - Camera 1 opened successfully.
2025-12-25 16:13:52,575 - CameraWidget - INFO - Camera Properties - Width: 640.0, Height: 480.0, FPS: 0.0
2025-12-25 16:13:53,267 - CameraWidget - DEBUG - Frame 0: read success=True, shape=(480, 640, 3)
2025-12-25 16:13:53,298 - CameraWidget - DEBUG - Frame 1: read success=True, shape=(480, 640, 3)
2025-12-25 16:13:53,346 - CameraWidget - DEBUG - Frame 2: read success=True, shape=(480, 640, 3)
2025-12-25 16:13:53,378 - CameraWidget - DEBUG - Frame 3: read success=True, shape=(480, 640, 3)
2025-12-25 16:13:53,426 - CameraWidget - DEBUG - Frame 4: read success=True, shape=(480, 640, 3)
2025-12-25 16:14:27,223 - ScreenRecorder - INFO - Starting ScreenRecorder thread
2025-12-25 16:14:27,353 - ScreenRecorder - INFO - Initializing SystemAudioRecorder...
2025-12-25 16:14:27,355 - ScreenRecorder - INFO - SystemAudioRecorder started
2025-12-25 16:14:27,355 - SystemAudioRecorder - INFO - Starting SystemAudioRecorder thread
2025-12-25 16:14:27,358 - SystemAudioRecorder - INFO - Target filename: G:\AICoding\luscreen\recordings\temp_audio_sys_20251225_161427.wav
2025-12-25 16:14:27,358 - SystemAudioRecorder - INFO - Successfully imported soundcard
2025-12-25 16:14:27,361 - SystemAudioRecorder - INFO - Default speaker found: 扬声器 (High Definition Audio Device) (ID: {0.0.0.00000000}.{b487c8e3-76e0-4a72-9dbb-c300a0c2f2e0})
2025-12-25 16:14:27,361 - SystemAudioRecorder - INFO - Attempting to get mic by ID: {0.0.0.00000000}.{b487c8e3-76e0-4a72-9dbb-c300a0c2f2e0}
2025-12-25 16:14:27,365 - SystemAudioRecorder - INFO - Successfully got mic by ID
2025-12-25 16:14:27,365 - SystemAudioRecorder - INFO - Recording from: 扬声器 (High Definition Audio Device)
2025-12-25 16:14:30,527 - SystemAudioRecorder - INFO - Paused
2025-12-25 16:14:34,640 - SystemAudioRecorder - INFO - Resumed
2025-12-25 16:14:51,369 - SystemAudioRecorder - INFO - Stop requested
2025-12-25 16:14:51,449 - SystemAudioRecorder - INFO - Recording loop finished, saving file...
2025-12-25 16:14:51,462 - SystemAudioRecorder - INFO - System audio saved to G:\AICoding\luscreen\recordings\temp_audio_sys_20251225_161427.wav
2025-12-25 16:14:51,464 - ScreenRecorder - INFO - Starting merge_av
2025-12-25 16:14:51,464 - ScreenRecorder - INFO - FFmpeg path: C:\Python313\Lib\site-packages\imageio_ffmpeg\binaries\ffmpeg-win-x86_64-v7.1.exe
2025-12-25 16:14:51,465 - ScreenRecorder - INFO - Has Mic: True (Path: G:\AICoding\luscreen\recordings\temp_audio_mic_20251225_161427.wav)
2025-12-25 16:14:51,465 - ScreenRecorder - INFO - Has Sys: True (Path: G:\AICoding\luscreen\recordings\temp_audio_sys_20251225_161427.wav)
2025-12-25 16:47:21,071 - Global - INFO - Global logger initialized.
2025-12-25 16:47:21,414 - Global - INFO - LuScreen v0.027 starting...
2025-12-25 17:02:33,702 - Global - INFO - Global logger initialized. Version: 0.027
2025-12-25 17:07:09,518 - Global - INFO - Global logger initialized. Version: 0.027
2025-12-25 17:36:34,411 - Global - INFO - Global logger initialized. Version: 0.028
2025-12-25 17:36:38,131 - urllib3.connectionpool - DEBUG - Starting new HTTPS connection (1): raw.githubusercontent.com:443
2025-12-25 17:36:39,027 - urllib3.connectionpool - DEBUG - https://raw.githubusercontent.com:443 "GET /victorwu657/luscreen/main/version.json HTTP/1.1" 200 204
2025-12-25 18:05:15,013 - Global - INFO - Global logger initialized. Version: 0.028
2025-12-25 18:05:18,666 - urllib3.connectionpool - DEBUG - Starting new HTTPS connection (1): raw.githubusercontent.com:443
2025-12-25 18:05:19,548 - urllib3.connectionpool - DEBUG - https://raw.githubusercontent.com:443 "GET /victorwu657/luscreen/main/version.json HTTP/1.1" 200 204
2025-12-25 18:11:56,597 - Global - INFO - Global logger initialized. Version: 0.029
2025-12-25 18:12:00,271 - urllib3.connectionpool - DEBUG - Starting new HTTPS connection (1): raw.githubusercontent.com:443
2025-12-25 18:12:01,123 - urllib3.connectionpool - DEBUG - https://raw.githubusercontent.com:443 "GET /victorwu657/luscreen/main/version.json HTTP/1.1" 200 204
2025-12-25 18:12:17,966 - urllib3.connectionpool - DEBUG - Starting new HTTPS connection (1): raw.githubusercontent.com:443
2025-12-25 18:12:18,653 - urllib3.connectionpool - DEBUG - https://raw.githubusercontent.com:443 "GET /victorwu657/luscreen/main/version.json HTTP/1.1" 200 204
2025-12-25 18:43:24,893 - Global - INFO - Global logger initialized. Version: 0.029
2025-12-25 18:43:28,564 - urllib3.connectionpool - DEBUG - Starting new HTTPS connection (1): raw.githubusercontent.com:443
2025-12-25 18:43:29,267 - urllib3.connectionpool - DEBUG - https://raw.githubusercontent.com:443 "GET /victorwu657/luscreen/main/version.json HTTP/1.1" 200 205
