2025-12-30 19:14:55,992 - Global - INFO - Global logger initialized. Version: 0.036
2025-12-30 19:14:59,666 - urllib3.connectionpool - DEBUG - Starting new HTTPS connection (1): raw.githubusercontent.com:443
2025-12-30 19:15:00,497 - urllib3.connectionpool - DEBUG - https://raw.githubusercontent.com:443 "GET /victorwu657/luscreen/main/version.json?t=1767093299 HTTP/1.1" 200 161
2025-12-30 19:15:13,485 - CameraWidget - INFO - Initializing CameraWidget with index: 1
2025-12-30 19:15:13,485 - CameraWidget - INFO - Attempting to start camera index: 1
2025-12-30 19:15:14,289 - CameraWidget - INFO - Available QMediaDevices: ['WeCam', 'HIK 2K Camera']
2025-12-30 19:15:14,514 - CameraWidget - INFO - Camera 1 opened successfully.
2025-12-30 19:15:14,514 - CameraWidget - INFO - Camera Properties - Width: 640.0, Height: 480.0, FPS: 0.0
2025-12-30 19:15:15,554 - CameraWidget - DEBUG - Frame 0: read success=True, shape=(480, 640, 3)
2025-12-30 19:15:15,703 - CameraWidget - DEBUG - Frame 1: read success=True, shape=(480, 640, 3)
2025-12-30 19:15:15,749 - CameraWidget - DEBUG - Frame 2: read success=True, shape=(480, 640, 3)
2025-12-30 19:15:15,781 - CameraWidget - DEBUG - Frame 3: read success=True, shape=(480, 640, 3)
2025-12-30 19:15:15,829 - CameraWidget - DEBUG - Frame 4: read success=True, shape=(480, 640, 3)
2025-12-30 19:16:15,930 - CameraWidget - WARNING - Camera capture is not opened.
2025-12-30 19:16:22,971 - CameraWidget - INFO - Initializing CameraWidget with index: 1
2025-12-30 19:16:22,971 - CameraWidget - INFO - Attempting to start camera index: 1
2025-12-30 19:16:22,971 - CameraWidget - INFO - Available QMediaDevices: ['WeCam', 'HIK 2K Camera']
2025-12-30 19:16:23,173 - CameraWidget - INFO - Camera 1 opened successfully.
2025-12-30 19:16:23,173 - CameraWidget - INFO - Camera Properties - Width: 640.0, Height: 480.0, FPS: 0.0
2025-12-30 19:16:24,205 - CameraWidget - DEBUG - Frame 0: read success=True, shape=(480, 640, 3)
2025-12-30 19:16:24,616 - CameraWidget - DEBUG - Frame 1: read success=True, shape=(480, 640, 3)
2025-12-30 19:16:24,664 - CameraWidget - DEBUG - Frame 2: read success=True, shape=(480, 640, 3)
2025-12-30 19:16:24,696 - CameraWidget - DEBUG - Frame 3: read success=True, shape=(480, 640, 3)
2025-12-30 19:16:24,744 - CameraWidget - DEBUG - Frame 4: read success=True, shape=(480, 640, 3)
2025-12-30 19:16:27,818 - CameraWidget - WARNING - Camera capture is not opened.
2025-12-30 19:16:39,878 - CameraWidget - WARNING - Camera capture is not opened.
2025-12-30 19:16:51,875 - CameraWidget - WARNING - Camera capture is not opened.
2025-12-30 19:17:03,880 - CameraWidget - WARNING - Camera capture is not opened.
2025-12-30 19:17:15,905 - CameraWidget - WARNING - Camera capture is not opened.
2025-12-30 19:17:22,981 - ScreenRecorder - INFO - Starting ScreenRecorder thread
2025-12-30 19:17:23,162 - ScreenRecorder - INFO - Initializing SystemAudioRecorder...
2025-12-30 19:17:23,172 - ScreenRecorder - INFO - SystemAudioRecorder started
2025-12-30 19:17:23,172 - SystemAudioRecorder - INFO - Starting SystemAudioRecorder thread
2025-12-30 19:17:23,174 - SystemAudioRecorder - INFO - Target filename: G:\AICoding\luscreen\recordings\temp_audio_sys_20251230_191722.wav
2025-12-30 19:17:23,276 - SystemAudioRecorder - INFO - Successfully imported soundcard
2025-12-30 19:17:23,311 - SystemAudioRecorder - INFO - Default speaker found: 扬声器 (High Definition Audio Device) (ID: {0.0.0.00000000}.{b487c8e3-76e0-4a72-9dbb-c300a0c2f2e0})
2025-12-30 19:17:23,311 - SystemAudioRecorder - INFO - Attempting to get mic by ID: {0.0.0.00000000}.{b487c8e3-76e0-4a72-9dbb-c300a0c2f2e0}
2025-12-30 19:17:23,318 - SystemAudioRecorder - INFO - Successfully got mic by ID
2025-12-30 19:17:23,319 - SystemAudioRecorder - INFO - Recording from: 扬声器 (High Definition Audio Device)
2025-12-30 19:17:27,888 - CameraWidget - WARNING - Camera capture is not opened.
2025-12-30 19:17:32,257 - SystemAudioRecorder - INFO - Paused
2025-12-30 19:17:37,374 - SystemAudioRecorder - INFO - Resumed
2025-12-30 19:17:38,428 - SystemAudioRecorder - INFO - Stop requested
2025-12-30 19:17:38,507 - SystemAudioRecorder - INFO - Recording loop finished, saving file...
2025-12-30 19:17:38,517 - SystemAudioRecorder - INFO - System audio saved to G:\AICoding\luscreen\recordings\temp_audio_sys_20251230_191722.wav
2025-12-30 19:17:38,518 - ScreenRecorder - INFO - Starting merge_av
2025-12-30 19:17:38,518 - ScreenRecorder - INFO - FFmpeg path: C:\Python313\Lib\site-packages\imageio_ffmpeg\binaries\ffmpeg-win-x86_64-v7.1.exe
2025-12-30 19:17:38,519 - ScreenRecorder - INFO - Has Mic: True (Path: G:\AICoding\luscreen\recordings\temp_audio_mic_20251230_191722.wav)
2025-12-30 19:17:38,519 - ScreenRecorder - INFO - Has Sys: True (Path: G:\AICoding\luscreen\recordings\temp_audio_sys_20251230_191722.wav)
2025-12-30 19:17:40,652 - CameraWidget - WARNING - Camera capture is not opened.
2025-12-30 19:17:52,658 - CameraWidget - WARNING - Camera capture is not opened.
2025-12-30 19:18:04,657 - CameraWidget - WARNING - Camera capture is not opened.
2025-12-30 19:18:16,528 - CameraWidget - WARNING - Camera capture is not opened.
2025-12-30 19:18:23,343 - CameraWidget - WARNING - Camera capture is not opened.
2025-12-30 19:18:25,905 - CameraWidget - WARNING - Camera capture is not opened.
2025-12-30 19:18:32,721 - CameraWidget - WARNING - Camera capture is not opened.
2025-12-30 19:18:35,282 - CameraWidget - WARNING - Camera capture is not opened.
2025-12-30 19:18:42,097 - CameraWidget - WARNING - Camera capture is not opened.
2025-12-30 19:18:44,657 - CameraWidget - WARNING - Camera capture is not opened.
2025-12-30 19:18:51,474 - CameraWidget - WARNING - Camera capture is not opened.
2025-12-30 19:18:54,033 - CameraWidget - WARNING - Camera capture is not opened.
2025-12-30 19:19:00,842 - CameraWidget - WARNING - Camera capture is not opened.
2025-12-30 19:19:03,405 - CameraWidget - WARNING - Camera capture is not opened.
2025-12-30 19:19:10,217 - CameraWidget - WARNING - Camera capture is not opened.
2025-12-30 19:19:12,781 - CameraWidget - WARNING - Camera capture is not opened.
2025-12-30 19:19:19,593 - CameraWidget - WARNING - Camera capture is not opened.
2025-12-30 19:19:22,159 - CameraWidget - WARNING - Camera capture is not opened.
2025-12-30 19:19:28,976 - CameraWidget - WARNING - Camera capture is not opened.
2025-12-30 19:19:31,528 - CameraWidget - WARNING - Camera capture is not opened.
2025-12-30 19:19:38,344 - CameraWidget - WARNING - Camera capture is not opened.
2025-12-30 19:19:40,909 - CameraWidget - WARNING - Camera capture is not opened.
2025-12-30 19:19:47,713 - CameraWidget - WARNING - Camera capture is not opened.
2025-12-30 19:22:02,838 - Global - INFO - Global logger initialized. Version: 0.036
2025-12-30 19:22:06,464 - urllib3.connectionpool - DEBUG - Starting new HTTPS connection (1): raw.githubusercontent.com:443
2025-12-30 19:22:06,726 - CameraWidget - INFO - Initializing CameraWidget with index: 1
2025-12-30 19:22:06,726 - CameraWidget - INFO - Attempting to start camera index: 1
2025-12-30 19:22:07,247 - urllib3.connectionpool - DEBUG - https://raw.githubusercontent.com:443 "GET /victorwu657/luscreen/main/version.json?t=1767093726 HTTP/1.1" 200 161
2025-12-30 19:22:07,515 - CameraWidget - INFO - Available QMediaDevices: ['WeCam', 'HIK 2K Camera']
2025-12-30 19:22:07,736 - CameraWidget - INFO - Camera 1 opened successfully.
2025-12-30 19:22:07,736 - CameraWidget - INFO - Camera Properties - Width: 640.0, Height: 480.0, FPS: 0.0
2025-12-30 19:22:08,764 - CameraWidget - DEBUG - Frame 0: read success=True, shape=(480, 640, 3)
2025-12-30 19:22:09,133 - CameraWidget - DEBUG - Frame 1: read success=True, shape=(480, 640, 3)
2025-12-30 19:22:09,180 - CameraWidget - DEBUG - Frame 2: read success=True, shape=(480, 640, 3)
2025-12-30 19:22:09,212 - CameraWidget - DEBUG - Frame 3: read success=True, shape=(480, 640, 3)
2025-12-30 19:22:09,260 - CameraWidget - DEBUG - Frame 4: read success=True, shape=(480, 640, 3)
2025-12-30 19:22:27,134 - ScreenRecorder - INFO - Starting ScreenRecorder thread
2025-12-30 19:22:27,318 - ScreenRecorder - INFO - Initializing SystemAudioRecorder...
2025-12-30 19:22:27,326 - ScreenRecorder - INFO - SystemAudioRecorder started
2025-12-30 19:22:27,326 - SystemAudioRecorder - INFO - Starting SystemAudioRecorder thread
2025-12-30 19:22:27,328 - SystemAudioRecorder - INFO - Target filename: G:\AICoding\luscreen\recordings\temp_audio_sys_20251230_192227.wav
2025-12-30 19:22:27,433 - SystemAudioRecorder - INFO - Successfully imported soundcard
2025-12-30 19:22:27,467 - SystemAudioRecorder - INFO - Default speaker found: 扬声器 (High Definition Audio Device) (ID: {0.0.0.00000000}.{b487c8e3-76e0-4a72-9dbb-c300a0c2f2e0})
2025-12-30 19:22:27,468 - SystemAudioRecorder - INFO - Attempting to get mic by ID: {0.0.0.00000000}.{b487c8e3-76e0-4a72-9dbb-c300a0c2f2e0}
2025-12-30 19:22:27,481 - SystemAudioRecorder - INFO - Successfully got mic by ID
2025-12-30 19:22:27,484 - SystemAudioRecorder - INFO - Recording from: 扬声器 (High Definition Audio Device)
2025-12-30 19:22:31,508 - SystemAudioRecorder - INFO - Stop requested
2025-12-30 19:22:31,520 - SystemAudioRecorder - INFO - Recording loop finished, saving file...
2025-12-30 19:22:31,525 - SystemAudioRecorder - INFO - System audio saved to G:\AICoding\luscreen\recordings\temp_audio_sys_20251230_192227.wav
2025-12-30 19:22:31,526 - ScreenRecorder - INFO - Starting merge_av
2025-12-30 19:22:31,526 - ScreenRecorder - INFO - FFmpeg path: C:\Python313\Lib\site-packages\imageio_ffmpeg\binaries\ffmpeg-win-x86_64-v7.1.exe
2025-12-30 19:22:31,526 - ScreenRecorder - INFO - Has Mic: True (Path: G:\AICoding\luscreen\recordings\temp_audio_mic_20251230_192227.wav)
2025-12-30 19:22:31,526 - ScreenRecorder - INFO - Has Sys: True (Path: G:\AICoding\luscreen\recordings\temp_audio_sys_20251230_192227.wav)
2025-12-30 19:23:03,062 - ScreenRecorder - INFO - Starting ScreenRecorder thread
2025-12-30 19:23:03,177 - ScreenRecorder - INFO - Initializing SystemAudioRecorder...
2025-12-30 19:23:03,178 - SystemAudioRecorder - INFO - Starting SystemAudioRecorder thread
2025-12-30 19:23:03,178 - ScreenRecorder - INFO - SystemAudioRecorder started
2025-12-30 19:23:03,178 - SystemAudioRecorder - INFO - Target filename: G:\AICoding\luscreen\recordings\temp_audio_sys_20251230_192303.wav
2025-12-30 19:23:03,180 - SystemAudioRecorder - INFO - Successfully imported soundcard
2025-12-30 19:23:03,182 - SystemAudioRecorder - INFO - Default speaker found: 扬声器 (High Definition Audio Device) (ID: {0.0.0.00000000}.{b487c8e3-76e0-4a72-9dbb-c300a0c2f2e0})
2025-12-30 19:23:03,182 - SystemAudioRecorder - INFO - Attempting to get mic by ID: {0.0.0.00000000}.{b487c8e3-76e0-4a72-9dbb-c300a0c2f2e0}
2025-12-30 19:23:03,186 - SystemAudioRecorder - INFO - Successfully got mic by ID
2025-12-30 19:23:03,187 - SystemAudioRecorder - INFO - Recording from: 扬声器 (High Definition Audio Device)
2025-12-30 19:23:13,118 - SystemAudioRecorder - INFO - Stop requested
2025-12-30 19:23:13,184 - SystemAudioRecorder - INFO - Recording loop finished, saving file...
2025-12-30 19:23:13,185 - SystemAudioRecorder - INFO - Applying gain: 2.89x
2025-12-30 19:23:13,193 - SystemAudioRecorder - INFO - System audio saved to G:\AICoding\luscreen\recordings\temp_audio_sys_20251230_192303.wav
2025-12-30 19:23:13,194 - ScreenRecorder - INFO - Starting merge_av
2025-12-30 19:23:13,194 - ScreenRecorder - INFO - FFmpeg path: C:\Python313\Lib\site-packages\imageio_ffmpeg\binaries\ffmpeg-win-x86_64-v7.1.exe
2025-12-30 19:23:13,194 - ScreenRecorder - INFO - Has Mic: True (Path: G:\AICoding\luscreen\recordings\temp_audio_mic_20251230_192303.wav)
2025-12-30 19:23:13,194 - ScreenRecorder - INFO - Has Sys: True (Path: G:\AICoding\luscreen\recordings\temp_audio_sys_20251230_192303.wav)
2025-12-30 19:25:29,429 - Global - INFO - Global logger initialized. Version: 0.036
2025-12-30 19:25:33,031 - urllib3.connectionpool - DEBUG - Starting new HTTPS connection (1): raw.githubusercontent.com:443
2025-12-30 19:25:33,798 - urllib3.connectionpool - DEBUG - https://raw.githubusercontent.com:443 "GET /victorwu657/luscreen/main/version.json?t=1767093933 HTTP/1.1" 200 161
2025-12-30 19:25:41,354 - CameraWidget - INFO - Initializing CameraWidget with index: 1
2025-12-30 19:25:41,354 - CameraWidget - INFO - Attempting to start camera index: 1
2025-12-30 19:25:42,131 - CameraWidget - INFO - Available QMediaDevices: ['WeCam', 'HIK 2K Camera']
2025-12-30 19:25:42,351 - CameraWidget - INFO - Camera 1 opened successfully.
2025-12-30 19:25:42,351 - CameraWidget - INFO - Camera Properties - Width: 640.0, Height: 480.0, FPS: 0.0
2025-12-30 19:25:43,385 - CameraWidget - DEBUG - Frame 0: read success=True, shape=(480, 640, 3)
2025-12-30 19:25:43,405 - CameraWidget - DEBUG - Frame 1: read success=True, shape=(480, 640, 3)
2025-12-30 19:25:43,443 - CameraWidget - DEBUG - Frame 2: read success=True, shape=(480, 640, 3)
2025-12-30 19:25:43,475 - CameraWidget - DEBUG - Frame 3: read success=True, shape=(480, 640, 3)
2025-12-30 19:25:43,523 - CameraWidget - DEBUG - Frame 4: read success=True, shape=(480, 640, 3)
2025-12-30 19:26:02,945 - ScreenRecorder - INFO - Starting ScreenRecorder thread
2025-12-30 19:26:03,137 - ScreenRecorder - INFO - Initializing SystemAudioRecorder...
2025-12-30 19:26:03,143 - SystemAudioRecorder - INFO - Starting SystemAudioRecorder thread
2025-12-30 19:26:03,143 - ScreenRecorder - INFO - SystemAudioRecorder started
2025-12-30 19:26:03,143 - SystemAudioRecorder - INFO - Target filename: G:\AICoding\luscreen\recordings\temp_audio_sys_20251230_192602.wav
2025-12-30 19:26:03,233 - SystemAudioRecorder - INFO - Successfully imported soundcard
2025-12-30 19:26:03,270 - SystemAudioRecorder - INFO - Default speaker found: 扬声器 (High Definition Audio Device) (ID: {0.0.0.00000000}.{b487c8e3-76e0-4a72-9dbb-c300a0c2f2e0})
2025-12-30 19:26:03,271 - SystemAudioRecorder - INFO - Attempting to get mic by ID: {0.0.0.00000000}.{b487c8e3-76e0-4a72-9dbb-c300a0c2f2e0}
2025-12-30 19:26:03,281 - SystemAudioRecorder - INFO - Successfully got mic by ID
2025-12-30 19:26:03,281 - SystemAudioRecorder - INFO - Recording from: 扬声器 (High Definition Audio Device)
2025-12-30 19:26:12,266 - SystemAudioRecorder - INFO - Stop requested
2025-12-30 19:26:12,349 - SystemAudioRecorder - INFO - Recording loop finished, saving file...
2025-12-30 19:26:12,356 - SystemAudioRecorder - INFO - System audio saved to G:\AICoding\luscreen\recordings\temp_audio_sys_20251230_192602.wav
2025-12-30 19:26:12,357 - ScreenRecorder - INFO - Starting merge_av
2025-12-30 19:26:12,357 - ScreenRecorder - INFO - FFmpeg path: C:\Python313\Lib\site-packages\imageio_ffmpeg\binaries\ffmpeg-win-x86_64-v7.1.exe
2025-12-30 19:26:12,358 - ScreenRecorder - INFO - Has Mic: True (Path: G:\AICoding\luscreen\recordings\temp_audio_mic_20251230_192602.wav)
2025-12-30 19:26:12,358 - ScreenRecorder - INFO - Has Sys: True (Path: G:\AICoding\luscreen\recordings\temp_audio_sys_20251230_192602.wav)
2025-12-30 19:26:31,898 - CameraWidget - WARNING - Camera capture is not opened.
2025-12-30 19:26:41,262 - CameraWidget - WARNING - Camera capture is not opened.
2025-12-30 19:26:50,636 - CameraWidget - WARNING - Camera capture is not opened.
2025-12-30 19:27:00,015 - CameraWidget - WARNING - Camera capture is not opened.
2025-12-30 19:27:09,389 - CameraWidget - WARNING - Camera capture is not opened.
2025-12-30 19:27:18,764 - CameraWidget - WARNING - Camera capture is not opened.
2025-12-30 19:27:28,140 - CameraWidget - WARNING - Camera capture is not opened.
2025-12-30 19:27:37,517 - CameraWidget - WARNING - Camera capture is not opened.
2025-12-30 19:27:46,885 - CameraWidget - WARNING - Camera capture is not opened.
2025-12-30 19:27:56,270 - CameraWidget - WARNING - Camera capture is not opened.
2025-12-30 19:28:05,639 - CameraWidget - WARNING - Camera capture is not opened.
2025-12-30 19:28:15,013 - CameraWidget - WARNING - Camera capture is not opened.
2025-12-30 19:28:24,393 - CameraWidget - WARNING - Camera capture is not opened.
2025-12-30 19:28:33,771 - CameraWidget - WARNING - Camera capture is not opened.
2025-12-30 19:28:43,142 - CameraWidget - WARNING - Camera capture is not opened.
2025-12-30 19:28:52,525 - CameraWidget - WARNING - Camera capture is not opened.
2025-12-30 19:29:01,885 - CameraWidget - WARNING - Camera capture is not opened.
2025-12-30 19:29:11,262 - CameraWidget - WARNING - Camera capture is not opened.
2025-12-30 19:29:20,637 - CameraWidget - WARNING - Camera capture is not opened.
2025-12-30 19:29:30,013 - CameraWidget - WARNING - Camera capture is not opened.
2025-12-30 19:29:39,385 - CameraWidget - WARNING - Camera capture is not opened.
2025-12-30 19:29:48,764 - CameraWidget - WARNING - Camera capture is not opened.
2025-12-30 19:29:58,141 - CameraWidget - WARNING - Camera capture is not opened.
2025-12-30 19:30:07,517 - CameraWidget - WARNING - Camera capture is not opened.
2025-12-30 19:30:16,893 - CameraWidget - WARNING - Camera capture is not opened.
2025-12-30 19:30:26,263 - CameraWidget - WARNING - Camera capture is not opened.
2025-12-30 19:30:35,644 - CameraWidget - WARNING - Camera capture is not opened.
2025-12-30 19:30:45,014 - CameraWidget - WARNING - Camera capture is not opened.
2025-12-30 19:30:54,397 - CameraWidget - WARNING - Camera capture is not opened.
2025-12-30 19:31:03,761 - CameraWidget - WARNING - Camera capture is not opened.
2025-12-30 19:31:13,141 - CameraWidget - WARNING - Camera capture is not opened.
2025-12-30 19:31:22,519 - CameraWidget - WARNING - Camera capture is not opened.
2025-12-30 19:31:31,890 - CameraWidget - WARNING - Camera capture is not opened.
2025-12-30 19:31:41,260 - CameraWidget - WARNING - Camera capture is not opened.
2025-12-30 19:31:50,637 - CameraWidget - WARNING - Camera capture is not opened.
2025-12-30 19:32:00,010 - CameraWidget - WARNING - Camera capture is not opened.
2025-12-30 19:32:09,389 - CameraWidget - WARNING - Camera capture is not opened.
2025-12-30 19:32:18,761 - CameraWidget - WARNING - Camera capture is not opened.
2025-12-30 19:32:28,137 - CameraWidget - WARNING - Camera capture is not opened.
2025-12-30 19:32:37,517 - CameraWidget - WARNING - Camera capture is not opened.
2025-12-30 19:32:46,890 - CameraWidget - WARNING - Camera capture is not opened.
2025-12-30 19:32:56,269 - CameraWidget - WARNING - Camera capture is not opened.
2025-12-30 19:46:30,425 - Global - INFO - Global logger initialized. Version: 0.036
2025-12-30 19:46:34,061 - urllib3.connectionpool - DEBUG - Starting new HTTPS connection (1): raw.githubusercontent.com:443
2025-12-30 19:46:40,066 - urllib3.connectionpool - DEBUG - Starting new HTTPS connection (1): raw.githubusercontent.com:443
2025-12-30 19:46:46,069 - urllib3.connectionpool - DEBUG - Starting new HTTPS connection (1): raw.githubusercontent.com:443
2025-12-30 19:49:06,410 - Global - INFO - Global logger initialized. Version: 0.036
2025-12-30 19:49:10,030 - urllib3.connectionpool - DEBUG - Starting new HTTPS connection (1): raw.githubusercontent.com:443
2025-12-30 19:49:16,033 - urllib3.connectionpool - DEBUG - Starting new HTTPS connection (1): raw.githubusercontent.com:443
2025-12-30 19:49:22,036 - urllib3.connectionpool - DEBUG - Starting new HTTPS connection (1): raw.githubusercontent.com:443
2025-12-30 23:05:38,469 - Global - INFO - Global logger initialized. Version: 0.036
2025-12-30 23:05:38,823 - Global - CRITICAL - Uncaught exception
Traceback (most recent call last):
  File "G:\AICoding\luscreen\main.py", line 32, in <module>
    from src.ocr_widget import OCRWidget
  File "G:\AICoding\luscreen\src\ocr_widget.py", line 7, in <module>
    import pyperclip
ModuleNotFoundError: No module named 'pyperclip'
2025-12-30 23:07:03,110 - Global - INFO - Global logger initialized. Version: 0.036
2025-12-30 23:07:06,725 - urllib3.connectionpool - DEBUG - Starting new HTTPS connection (1): raw.githubusercontent.com:443
2025-12-30 23:07:07,670 - urllib3.connectionpool - DEBUG - https://raw.githubusercontent.com:443 "GET /victorwu657/luscreen/main/version.json?t=1767107226 HTTP/1.1" 200 161
2025-12-30 23:45:20,989 - Global - INFO - Global logger initialized. Version: 0.036
2025-12-30 23:45:24,891 - urllib3.connectionpool - DEBUG - Starting new HTTPS connection (1): raw.githubusercontent.com:443
2025-12-30 23:45:25,738 - urllib3.connectionpool - DEBUG - https://raw.githubusercontent.com:443 "GET /victorwu657/luscreen/main/version.json?t=1767109524 HTTP/1.1" 200 161
