2026-01-01 00:08:26,988 - Global - INFO - Global logger initialized. Version: 0.039
2026-01-01 00:08:30,694 - urllib3.connectionpool - DEBUG - Starting new HTTPS connection (1): raw.githubusercontent.com:443
2026-01-01 00:08:31,437 - urllib3.connectionpool - DEBUG - https://raw.githubusercontent.com:443 "GET /victorwu657/luscreen/main/version.json?t=1767197310 HTTP/1.1" 200 161
2026-01-01 00:08:57,357 - Global - INFO - Global logger initialized. Version: 0.039
2026-01-01 00:09:01,037 - urllib3.connectionpool - DEBUG - Starting new HTTPS connection (1): raw.githubusercontent.com:443
2026-01-01 00:09:12,329 - urllib3.connectionpool - DEBUG - https://raw.githubusercontent.com:443 "GET /victorwu657/luscreen/main/version.json?t=1767197341 HTTP/1.1" 200 161
2026-01-01 00:13:03,873 - Global - INFO - Global logger initialized. Version: 0.039
2026-01-01 00:13:07,573 - urllib3.connectionpool - DEBUG - Starting new HTTPS connection (1): raw.githubusercontent.com:443
2026-01-01 00:13:08,081 - urllib3.connectionpool - DEBUG - https://raw.githubusercontent.com:443 "GET /victorwu657/luscreen/main/version.json?t=1767197587 HTTP/1.1" 200 161
2026-01-01 00:14:52,437 - Global - INFO - Global logger initialized. Version: 0.039
2026-01-01 00:14:56,121 - urllib3.connectionpool - DEBUG - Starting new HTTPS connection (1): raw.githubusercontent.com:443
2026-01-01 00:14:56,860 - urllib3.connectionpool - DEBUG - https://raw.githubusercontent.com:443 "GET /victorwu657/luscreen/main/version.json?t=1767197696 HTTP/1.1" 200 161
2026-01-01 00:17:48,025 - Global - INFO - Global logger initialized. Version: 0.039
2026-01-01 00:17:51,731 - urllib3.connectionpool - DEBUG - Starting new HTTPS connection (1): raw.githubusercontent.com:443
2026-01-01 00:18:02,229 - urllib3.connectionpool - DEBUG - https://raw.githubusercontent.com:443 "GET /victorwu657/luscreen/main/version.json?t=1767197871 HTTP/1.1" 200 161
2026-01-01 00:20:20,950 - Global - INFO - Global logger initialized. Version: 0.039
2026-01-01 00:20:24,647 - urllib3.connectionpool - DEBUG - Starting new HTTPS connection (1): raw.githubusercontent.com:443
2026-01-01 00:20:55,371 - urllib3.connectionpool - DEBUG - https://raw.githubusercontent.com:443 "GET /victorwu657/luscreen/main/version.json?t=1767198024 HTTP/1.1" 200 161
2026-01-01 00:22:33,440 - Global - INFO - Global logger initialized. Version: 0.039
2026-01-01 00:22:37,123 - urllib3.connectionpool - DEBUG - Starting new HTTPS connection (1): raw.githubusercontent.com:443
2026-01-01 00:22:57,690 - urllib3.connectionpool - DEBUG - https://raw.githubusercontent.com:443 "GET /victorwu657/luscreen/main/version.json?t=1767198157 HTTP/1.1" 200 161
2026-01-01 00:24:01,004 - Global - INFO - Global logger initialized. Version: 0.039
2026-01-01 00:24:04,701 - urllib3.connectionpool - DEBUG - Starting new HTTPS connection (1): raw.githubusercontent.com:443
2026-01-01 00:24:05,209 - urllib3.connectionpool - DEBUG - https://raw.githubusercontent.com:443 "GET /victorwu657/luscreen/main/version.json?t=1767198244 HTTP/1.1" 200 161
2026-01-01 00:25:16,354 - Global - INFO - Global logger initialized. Version: 0.039
2026-01-01 00:25:20,038 - urllib3.connectionpool - DEBUG - Starting new HTTPS connection (1): raw.githubusercontent.com:443
2026-01-01 00:25:20,726 - urllib3.connectionpool - DEBUG - https://raw.githubusercontent.com:443 "GET /victorwu657/luscreen/main/version.json?t=1767198320 HTTP/1.1" 200 161
2026-01-01 00:26:52,963 - Global - INFO - Global logger initialized. Version: 0.039
2026-01-01 00:26:56,791 - urllib3.connectionpool - DEBUG - Starting new HTTPS connection (1): raw.githubusercontent.com:443
2026-01-01 00:26:57,474 - urllib3.connectionpool - DEBUG - https://raw.githubusercontent.com:443 "GET /victorwu657/luscreen/main/version.json?t=1767198416 HTTP/1.1" 200 161
2026-01-01 00:28:40,848 - Global - INFO - Global logger initialized. Version: 0.039
2026-01-01 00:28:44,529 - urllib3.connectionpool - DEBUG - Starting new HTTPS connection (1): raw.githubusercontent.com:443
2026-01-01 00:28:45,032 - urllib3.connectionpool - DEBUG - https://raw.githubusercontent.com:443 "GET /victorwu657/luscreen/main/version.json?t=1767198524 HTTP/1.1" 200 161
2026-01-01 00:30:32,087 - Global - INFO - Global logger initialized. Version: 0.039
2026-01-01 00:30:35,778 - urllib3.connectionpool - DEBUG - Starting new HTTPS connection (1): raw.githubusercontent.com:443
2026-01-01 00:31:16,816 - urllib3.connectionpool - DEBUG - Starting new HTTPS connection (1): raw.githubusercontent.com:443
2026-01-01 00:31:18,047 - urllib3.connectionpool - DEBUG - https://raw.githubusercontent.com:443 "GET /victorwu657/luscreen/main/version.json?t=1767198676 HTTP/1.1" 200 161
2026-01-01 00:32:15,735 - Global - INFO - Global logger initialized. Version: 0.039
2026-01-01 00:32:19,415 - urllib3.connectionpool - DEBUG - Starting new HTTPS connection (1): raw.githubusercontent.com:443
2026-01-01 00:32:50,151 - urllib3.connectionpool - DEBUG - https://raw.githubusercontent.com:443 "GET /victorwu657/luscreen/main/version.json?t=1767198739 HTTP/1.1" 200 161
2026-01-01 00:33:18,669 - Global - INFO - Global logger initialized. Version: 0.039
2026-01-01 00:33:22,365 - urllib3.connectionpool - DEBUG - Starting new HTTPS connection (1): raw.githubusercontent.com:443
2026-01-01 00:33:32,867 - urllib3.connectionpool - DEBUG - https://raw.githubusercontent.com:443 "GET /victorwu657/luscreen/main/version.json?t=1767198802 HTTP/1.1" 200 161
2026-01-01 00:34:10,337 - Global - INFO - Global logger initialized. Version: 0.039
2026-01-01 00:34:14,019 - urllib3.connectionpool - DEBUG - Starting new HTTPS connection (1): raw.githubusercontent.com:443
2026-01-01 00:34:14,726 - urllib3.connectionpool - DEBUG - https://raw.githubusercontent.com:443 "GET /victorwu657/luscreen/main/version.json?t=1767198854 HTTP/1.1" 200 161
2026-01-01 00:35:22,416 - Global - INFO - Global logger initialized. Version: 0.039
2026-01-01 00:35:26,089 - urllib3.connectionpool - DEBUG - Starting new HTTPS connection (1): raw.githubusercontent.com:443
2026-01-01 00:35:39,607 - urllib3.connectionpool - DEBUG - https://raw.githubusercontent.com:443 "GET /victorwu657/luscreen/main/version.json?t=1767198926 HTTP/1.1" 200 161
2026-01-01 00:38:06,833 - Global - INFO - Global logger initialized. Version: 0.039
2026-01-01 00:38:10,585 - urllib3.connectionpool - DEBUG - Starting new HTTPS connection (1): raw.githubusercontent.com:443
2026-01-01 00:38:21,251 - urllib3.connectionpool - DEBUG - https://raw.githubusercontent.com:443 "GET /victorwu657/luscreen/main/version.json?t=1767199090 HTTP/1.1" 200 161
2026-01-01 00:40:12,888 - Global - INFO - Global logger initialized. Version: 0.039
2026-01-01 00:40:16,596 - urllib3.connectionpool - DEBUG - Starting new HTTPS connection (1): raw.githubusercontent.com:443
2026-01-01 00:40:37,301 - urllib3.connectionpool - DEBUG - https://raw.githubusercontent.com:443 "GET /victorwu657/luscreen/main/version.json?t=1767199216 HTTP/1.1" 200 161
2026-01-01 00:41:09,647 - Global - INFO - Global logger initialized. Version: 0.039
2026-01-01 00:41:13,334 - urllib3.connectionpool - DEBUG - Starting new HTTPS connection (1): raw.githubusercontent.com:443
2026-01-01 00:41:23,829 - urllib3.connectionpool - DEBUG - https://raw.githubusercontent.com:443 "GET /victorwu657/luscreen/main/version.json?t=1767199273 HTTP/1.1" 200 161
2026-01-01 00:45:02,417 - Global - INFO - Global logger initialized. Version: 0.039
2026-01-01 00:45:06,406 - urllib3.connectionpool - DEBUG - Starting new HTTPS connection (1): raw.githubusercontent.com:443
2026-01-01 00:45:07,093 - urllib3.connectionpool - DEBUG - https://raw.githubusercontent.com:443 "GET /victorwu657/luscreen/main/version.json?t=1767199506 HTTP/1.1" 200 161
2026-01-01 00:49:39,088 - Global - INFO - Global logger initialized. Version: 0.039
2026-01-01 00:49:42,826 - urllib3.connectionpool - DEBUG - Starting new HTTPS connection (1): raw.githubusercontent.com:443
2026-01-01 00:49:53,529 - urllib3.connectionpool - DEBUG - https://raw.githubusercontent.com:443 "GET /victorwu657/luscreen/main/version.json?t=1767199782 HTTP/1.1" 200 161
2026-01-01 00:55:45,624 - Global - INFO - Global logger initialized. Version: 0.039
2026-01-01 00:55:49,466 - urllib3.connectionpool - DEBUG - Starting new HTTPS connection (1): raw.githubusercontent.com:443
2026-01-01 00:55:50,141 - urllib3.connectionpool - DEBUG - https://raw.githubusercontent.com:443 "GET /victorwu657/luscreen/main/version.json?t=1767200149 HTTP/1.1" 200 161
2026-01-01 00:59:31,768 - Global - INFO - Global logger initialized. Version: 0.039
2026-01-01 00:59:35,450 - urllib3.connectionpool - DEBUG - Starting new HTTPS connection (1): raw.githubusercontent.com:443
2026-01-01 00:59:46,884 - urllib3.connectionpool - DEBUG - https://raw.githubusercontent.com:443 "GET /victorwu657/luscreen/main/version.json?t=1767200375 HTTP/1.1" 200 161
2026-01-01 01:02:26,233 - Global - INFO - Global logger initialized. Version: 0.039
2026-01-01 01:02:29,914 - urllib3.connectionpool - DEBUG - Starting new HTTPS connection (1): raw.githubusercontent.com:443
2026-01-01 01:02:40,653 - urllib3.connectionpool - DEBUG - https://raw.githubusercontent.com:443 "GET /victorwu657/luscreen/main/version.json?t=1767200549 HTTP/1.1" 200 161
2026-01-01 01:04:08,264 - Global - INFO - Global logger initialized. Version: 0.039
2026-01-01 01:04:11,962 - urllib3.connectionpool - DEBUG - Starting new HTTPS connection (1): raw.githubusercontent.com:443
2026-01-01 01:04:22,477 - urllib3.connectionpool - DEBUG - https://raw.githubusercontent.com:443 "GET /victorwu657/luscreen/main/version.json?t=1767200651 HTTP/1.1" 200 161
2026-01-01 01:06:20,722 - Global - INFO - Global logger initialized. Version: 0.039
2026-01-01 01:06:24,418 - urllib3.connectionpool - DEBUG - Starting new HTTPS connection (1): raw.githubusercontent.com:443
2026-01-01 01:06:25,145 - urllib3.connectionpool - DEBUG - https://raw.githubusercontent.com:443 "GET /victorwu657/luscreen/main/version.json?t=1767200784 HTTP/1.1" 200 161
2026-01-01 01:09:56,821 - Global - INFO - Global logger initialized. Version: 0.039
2026-01-01 01:10:00,542 - urllib3.connectionpool - DEBUG - Starting new HTTPS connection (1): raw.githubusercontent.com:443
2026-01-01 01:10:11,042 - urllib3.connectionpool - DEBUG - https://raw.githubusercontent.com:443 "GET /victorwu657/luscreen/main/version.json?t=1767201000 HTTP/1.1" 200 161
2026-01-01 13:30:14,646 - Global - INFO - Global logger initialized. Version: 0.039
2026-01-01 13:30:32,649 - Global - INFO - Global logger initialized. Version: 0.039
2026-01-01 13:30:36,182 - urllib3.connectionpool - DEBUG - Starting new HTTPS connection (1): raw.githubusercontent.com:443
2026-01-01 13:30:47,004 - urllib3.connectionpool - DEBUG - https://raw.githubusercontent.com:443 "GET /victorwu657/luscreen/main/version.json?t=1767245436 HTTP/1.1" 200 161
2026-01-01 16:10:00,694 - Global - INFO - Global logger initialized. Version: 0.039
2026-01-01 16:10:04,302 - urllib3.connectionpool - DEBUG - Starting new HTTPS connection (1): raw.githubusercontent.com:443
2026-01-01 16:10:05,011 - urllib3.connectionpool - DEBUG - https://raw.githubusercontent.com:443 "GET /victorwu657/luscreen/main/version.json?t=1767255004 HTTP/1.1" 200 161
2026-01-01 16:11:03,602 - Global - INFO - Global logger initialized. Version: 0.039
2026-01-01 16:11:07,163 - urllib3.connectionpool - DEBUG - Starting new HTTPS connection (1): raw.githubusercontent.com:443
2026-01-01 16:11:17,951 - urllib3.connectionpool - DEBUG - https://raw.githubusercontent.com:443 "GET /victorwu657/luscreen/main/version.json?t=1767255067 HTTP/1.1" 200 161
2026-01-01 16:14:37,707 - Global - INFO - Global logger initialized. Version: 0.039
2026-01-01 16:14:41,294 - urllib3.connectionpool - DEBUG - Starting new HTTPS connection (1): raw.githubusercontent.com:443
2026-01-01 16:15:12,010 - urllib3.connectionpool - DEBUG - https://raw.githubusercontent.com:443 "GET /victorwu657/luscreen/main/version.json?t=1767255281 HTTP/1.1" 200 161
2026-01-01 16:38:08,909 - Global - INFO - Global logger initialized. Version: 0.039
2026-01-01 16:38:12,676 - urllib3.connectionpool - DEBUG - Starting new HTTPS connection (1): raw.githubusercontent.com:443
2026-01-01 16:38:23,531 - urllib3.connectionpool - DEBUG - https://raw.githubusercontent.com:443 "GET /victorwu657/luscreen/main/version.json?t=1767256692 HTTP/1.1" 200 161
2026-01-01 16:40:13,926 - Global - INFO - Global logger initialized. Version: 0.039
2026-01-01 16:40:17,491 - urllib3.connectionpool - DEBUG - Starting new HTTPS connection (1): raw.githubusercontent.com:443
2026-01-01 16:40:29,788 - Global - INFO - Global logger initialized. Version: 0.039
2026-01-01 16:40:33,362 - urllib3.connectionpool - DEBUG - Starting new HTTPS connection (1): raw.githubusercontent.com:443
2026-01-01 16:40:34,009 - urllib3.connectionpool - DEBUG - https://raw.githubusercontent.com:443 "GET /victorwu657/luscreen/main/version.json?t=1767256833 HTTP/1.1" 200 161
2026-01-01 16:43:23,618 - Global - INFO - Global logger initialized. Version: 0.039
2026-01-01 16:43:27,215 - urllib3.connectionpool - DEBUG - Starting new HTTPS connection (1): raw.githubusercontent.com:443
2026-01-01 16:43:42,285 - urllib3.connectionpool - DEBUG - https://raw.githubusercontent.com:443 "GET /victorwu657/luscreen/main/version.json?t=1767257007 HTTP/1.1" 200 161
2026-01-01 17:13:38,290 - Global - INFO - Global logger initialized. Version: 0.039
2026-01-01 17:13:41,870 - urllib3.connectionpool - DEBUG - Starting new HTTPS connection (1): raw.githubusercontent.com:443
2026-01-01 17:13:54,322 - urllib3.connectionpool - DEBUG - Starting new HTTPS connection (1): raw.githubusercontent.com:443
2026-01-01 17:13:54,980 - urllib3.connectionpool - DEBUG - https://raw.githubusercontent.com:443 "GET /victorwu657/luscreen/main/version.json?t=1767258834 HTTP/1.1" 200 161
2026-01-01 17:17:59,806 - Global - INFO - Global logger initialized. Version: 0.039
2026-01-01 17:18:03,400 - urllib3.connectionpool - DEBUG - Starting new HTTPS connection (1): raw.githubusercontent.com:443
2026-01-01 17:18:05,123 - urllib3.connectionpool - DEBUG - https://raw.githubusercontent.com:443 "GET /victorwu657/luscreen/main/version.json?t=1767259083 HTTP/1.1" 200 161
2026-01-01 17:20:06,573 - Global - INFO - Global logger initialized. Version: 0.039
2026-01-01 17:20:10,138 - urllib3.connectionpool - DEBUG - Starting new HTTPS connection (1): raw.githubusercontent.com:443
2026-01-01 17:20:10,617 - urllib3.connectionpool - DEBUG - https://raw.githubusercontent.com:443 "GET /victorwu657/luscreen/main/version.json?t=1767259210 HTTP/1.1" 200 161
2026-01-01 19:30:56,798 - Global - INFO - Global logger initialized. Version: 0.043
2026-01-01 19:31:00,464 - urllib3.connectionpool - DEBUG - Starting new HTTPS connection (1): raw.githubusercontent.com:443
2026-01-01 19:31:01,128 - urllib3.connectionpool - DEBUG - https://raw.githubusercontent.com:443 "GET /victorwu657/luscreen/main/version.json?t=1767267060 HTTP/1.1" 200 161
2026-01-01 19:31:01,871 - CameraWidget - INFO - Initializing CameraWidget with index: 1
2026-01-01 19:31:01,871 - CameraWidget - INFO - Attempting to start camera index: 1
2026-01-01 19:31:02,600 - CameraWidget - INFO - Available QMediaDevices: ['WeCam', 'HIK 2K Camera']
2026-01-01 19:31:02,831 - CameraWidget - INFO - Camera 1 opened successfully.
2026-01-01 19:31:02,831 - CameraWidget - INFO - Camera Properties - Width: 640.0, Height: 480.0, FPS: 0.0
2026-01-01 19:31:03,476 - CameraWidget - DEBUG - Frame 0: read success=True, shape=(480, 640, 3)
2026-01-01 19:31:03,523 - CameraWidget - DEBUG - Frame 1: read success=True, shape=(480, 640, 3)
2026-01-01 19:31:03,555 - CameraWidget - DEBUG - Frame 2: read success=True, shape=(480, 640, 3)
2026-01-01 19:31:03,603 - CameraWidget - DEBUG - Frame 3: read success=True, shape=(480, 640, 3)
2026-01-01 19:31:03,635 - CameraWidget - DEBUG - Frame 4: read success=True, shape=(480, 640, 3)
2026-01-01 19:31:15,542 - ScreenRecorder - INFO - Starting ScreenRecorder thread
2026-01-01 19:31:15,720 - ScreenRecorder - INFO - Initializing SystemAudioRecorder...
2026-01-01 19:31:15,728 - ScreenRecorder - INFO - SystemAudioRecorder started
2026-01-01 19:31:15,728 - SystemAudioRecorder - INFO - Starting SystemAudioRecorder thread
2026-01-01 19:31:15,730 - SystemAudioRecorder - INFO - Target filename: G:\AICoding\luscreen\recordings\temp_audio_sys_20260101_193115.wav
2026-01-01 19:31:15,810 - SystemAudioRecorder - INFO - Successfully imported soundcard
2026-01-01 19:31:15,849 - SystemAudioRecorder - INFO - Default speaker found: 扬声器 (High Definition Audio Device) (ID: {0.0.0.00000000}.{b487c8e3-76e0-4a72-9dbb-c300a0c2f2e0})
2026-01-01 19:31:15,849 - SystemAudioRecorder - INFO - Attempting to get mic by ID: {0.0.0.00000000}.{b487c8e3-76e0-4a72-9dbb-c300a0c2f2e0}
2026-01-01 19:31:15,861 - SystemAudioRecorder - INFO - Successfully got mic by ID
2026-01-01 19:31:15,861 - SystemAudioRecorder - INFO - Recording from: 扬声器 (High Definition Audio Device)
2026-01-01 19:31:50,793 - SystemAudioRecorder - INFO - Stop requested
2026-01-01 19:31:50,832 - SystemAudioRecorder - INFO - Recording loop finished, saving file...
2026-01-01 19:31:50,858 - SystemAudioRecorder - INFO - System audio saved to G:\AICoding\luscreen\recordings\temp_audio_sys_20260101_193115.wav
2026-01-01 19:31:50,860 - ScreenRecorder - INFO - Starting merge_av
2026-01-01 19:31:50,860 - ScreenRecorder - INFO - FFmpeg path: C:\Python313\Lib\site-packages\imageio_ffmpeg\binaries\ffmpeg-win-x86_64-v7.1.exe
2026-01-01 19:31:50,860 - ScreenRecorder - INFO - Has Mic: True (Path: G:\AICoding\luscreen\recordings\temp_audio_mic_20260101_193115.wav)
2026-01-01 19:31:50,860 - ScreenRecorder - INFO - Has Sys: True (Path: G:\AICoding\luscreen\recordings\temp_audio_sys_20260101_193115.wav)
2026-01-01 19:31:52,091 - CameraWidget - INFO - Initializing CameraWidget with index: 1
2026-01-01 19:31:52,092 - CameraWidget - INFO - Attempting to start camera index: 1
2026-01-01 19:31:52,092 - CameraWidget - INFO - Available QMediaDevices: ['WeCam', 'HIK 2K Camera']
2026-01-01 19:31:52,288 - CameraWidget - INFO - Camera 1 opened successfully.
2026-01-01 19:31:52,288 - CameraWidget - INFO - Camera Properties - Width: 640.0, Height: 480.0, FPS: 0.0
2026-01-01 19:31:52,981 - CameraWidget - DEBUG - Frame 0: read success=True, shape=(480, 640, 3)
2026-01-01 19:31:53,027 - CameraWidget - DEBUG - Frame 1: read success=True, shape=(480, 640, 3)
2026-01-01 19:31:53,059 - CameraWidget - DEBUG - Frame 2: read success=True, shape=(480, 640, 3)
2026-01-01 19:31:53,107 - CameraWidget - DEBUG - Frame 3: read success=True, shape=(480, 640, 3)
2026-01-01 19:31:53,139 - CameraWidget - DEBUG - Frame 4: read success=True, shape=(480, 640, 3)
